
On node760

The last line in /etc/profile and /etc/bashrc is 

umask 077


sed 's/umask 077/umask 002/g' /etc/profile
sed 's/umask 077/umask 002/g' /etc/bashrc

logout and login

echo 'n' | sh /var/carrero/karma/bin/karma-kill.sh
cd /var/carrero/karma/devops/server/karma/log
rm -r *
cd /var
sudo chown -R devops carrero*
sudo chgrp -R devops carrero*



[auto@node760 ~]$ ls /var/carrero
ls: /var/carrero: Permission denied





  [info]  removing files in /var/carrero/karma/jboss-4.0.5.GA/server/karma/data
find: ./hypersonic: Permission denied
find: ./hypersonic: Permission denied
find: ./hypersonic: Permission denied
rmdir: xmbean-attrs: Permission denied






INFO: logged on to server node727.test.carrero.es as user devops using password authentication.
22-Feb-2011 17:35:16 monitor.implementation.shell.InputFromSSHReader readInputFromShell
INFO: sessionId:8[0] Password provided for user devops running command: sudo useradd -G devops,wheel -K...
22-Feb-2011 17:35:16 monitor.implementation.shell.InputFromSSHReader run
INFO: sessionId:8[0] finished - 'sudo useradd -G devops,wheel -K...' ->
sudo: useradd: command not found





[auto@node760 ~]$ sudo ls /var/carrero -latr
lrwxrwxrwx 1 root root 21 Oct  4 13:23 /var/carrero -> /var/carrero-10.0.0-1

[auto@node760 ~]$ sudo ls /var/carrero/karma -latr
total 24
drwxr-x---  5 devops root 4096 Oct  4 13:22 ..
drwxrwxr-x  6 devops root 4096 Oct  4 13:23 .
drwxrwxr-x  2 devops root 4096 Oct  4 13:23 bin
drwxrwxr-x  4 devops root 4096 Oct  4 13:23 classes
drwxrwxr-x  3 devops root 4096 Oct  4 13:23 as
drwxrwxr-x 12 devops root 4096 Nov 22 17:30 etc

[auto@node760 ~]$ sudo ls /var/carrero/karma/as -latr
total 16
drwxrwxr-x 6 devops root 4096 Oct  4 13:22 jboss-4.0.5.GA
drwxrwxr-x 6 devops root 4096 Oct  4 13:23 ..
-rw-r----- 1 devops root 3828 Oct  4 13:23 karma-oracle-utds.xml
lrwxrwxrwx 1 root  root   14 Oct  4 13:23 devops -> jboss-4.0.5.GA
drwxrwxr-x 3 devops root 4096 Oct  4 13:23 .

[auto@node760 ~]$ sudo ls /var/carrero/karma/devops/server/karma/ -latr
total 376
drwxrwxr-x  3 devops root    4096 Oct  4 13:22 ..
drwxrwxr-x  2 devops root    4096 Oct  4 13:23 lib

drwxrwxr-x  9 devops root    4096 Oct  4 13:23 deploy
drwxrwxr-x  4 devops root    4096 Oct  4 13:23 conf
drwxrwxr-x  9 devops root    4096 Oct  6 14:38 .
drwxrwxr-x  3 devops root    4096 Nov 22 17:31 work
drwxr-x---  4 devops devops   4096 Nov 22 17:31 data
drwxrwxrwt  3 devops root    4096 Nov 22 17:31 tmp
drwxrwxr-x 20 devops root  348160 Feb 23 09:10 log


-rw-------  1 devops devops      875 Feb 23 08:21 node760.test.carrero.es-server.log.2011-02-23-08
drwxr-x---  2 devops devops   344064 Feb 23 09:10 mm2
drwxrwxr-x 20 devops root    348160 Feb 23 09:10 .
-rw-------  1 devops devops      875 Feb 23 09:11 node760.test.carrero.es-server.log
-rw-------  1 devops devops 46537216 Feb 23 09:34 node760.test.carrero.es-stdout.log



node760.test.carrero.es ex-back-office AUS stop
stop on node760.test.carrero.es

Running command> echo 'n' | sh /var/carrero/karma/bin/karma-kill.sh
sh: /var/carrero/karma/bin/karma-kill.sh: Permission denied
-bash: echo: write error: Broken pipe

Command status: FINISHED




[devops@node760 bin]$ chgrp -R devops *
[devops@node760 bin]$ ls -al
total 60
drwxrwxr-x 2 devops root  4096 Oct  4 13:23 .
drwxrwxr-x 6 devops root  4096 Oct  4 13:23 ..
-rwxr-x--x 1 devops devops 3977 Oct  4 13:23 karma-kill.sh
-rwxr-x--x 1 devops devops 3267 Oct  4 13:23 karma-reset-file-ownership-permissions.sh
-rwxr-x--x 1 devops devops 6969 Oct  4 13:23 karma-start.sh





